###############################################################################
#
# IAR ELF Linker V7.50.1.10123/W32 for ARM                17/Jun/2016  17:46:07
# Copyright 2007-2015 IAR Systems AB.
#
#    Output file  =  
#        C:\Users\bruno
#        montanari\Desktop\projetos\stm32\FullGauge\LabIAP\EWARM\LabIAP
#        Configuration\Exe\LabIAP Configuration.out
#    Map file     =  
#        C:\Users\bruno
#        montanari\Desktop\projetos\stm32\FullGauge\LabIAP\EWARM\LabIAP
#        Configuration\List\LabIAP Configuration.map
#    Command line =  
#        "C:\Users\bruno
#        montanari\Desktop\projetos\stm32\FullGauge\LabIAP\EWARM\LabIAP
#        Configuration\Obj\common.o" "C:\Users\bruno
#        montanari\Desktop\projetos\stm32\FullGauge\LabIAP\EWARM\LabIAP
#        Configuration\Obj\crc.o" "C:\Users\bruno
#        montanari\Desktop\projetos\stm32\FullGauge\LabIAP\EWARM\LabIAP
#        Configuration\Obj\flash_if.o" "C:\Users\bruno
#        montanari\Desktop\projetos\stm32\FullGauge\LabIAP\EWARM\LabIAP
#        Configuration\Obj\gpio.o" "C:\Users\bruno
#        montanari\Desktop\projetos\stm32\FullGauge\LabIAP\EWARM\LabIAP
#        Configuration\Obj\main.o" "C:\Users\bruno
#        montanari\Desktop\projetos\stm32\FullGauge\LabIAP\EWARM\LabIAP
#        Configuration\Obj\menu.o" "C:\Users\bruno
#        montanari\Desktop\projetos\stm32\FullGauge\LabIAP\EWARM\LabIAP
#        Configuration\Obj\startup_stm32f030x8.o" "C:\Users\bruno
#        montanari\Desktop\projetos\stm32\FullGauge\LabIAP\EWARM\LabIAP
#        Configuration\Obj\stm32f0xx_hal.o" "C:\Users\bruno
#        montanari\Desktop\projetos\stm32\FullGauge\LabIAP\EWARM\LabIAP
#        Configuration\Obj\stm32f0xx_hal_cortex.o" "C:\Users\bruno
#        montanari\Desktop\projetos\stm32\FullGauge\LabIAP\EWARM\LabIAP
#        Configuration\Obj\stm32f0xx_hal_crc.o" "C:\Users\bruno
#        montanari\Desktop\projetos\stm32\FullGauge\LabIAP\EWARM\LabIAP
#        Configuration\Obj\stm32f0xx_hal_crc_ex.o" "C:\Users\bruno
#        montanari\Desktop\projetos\stm32\FullGauge\LabIAP\EWARM\LabIAP
#        Configuration\Obj\stm32f0xx_hal_dma.o" "C:\Users\bruno
#        montanari\Desktop\projetos\stm32\FullGauge\LabIAP\EWARM\LabIAP
#        Configuration\Obj\stm32f0xx_hal_flash.o" "C:\Users\bruno
#        montanari\Desktop\projetos\stm32\FullGauge\LabIAP\EWARM\LabIAP
#        Configuration\Obj\stm32f0xx_hal_flash_ex.o" "C:\Users\bruno
#        montanari\Desktop\projetos\stm32\FullGauge\LabIAP\EWARM\LabIAP
#        Configuration\Obj\stm32f0xx_hal_gpio.o" "C:\Users\bruno
#        montanari\Desktop\projetos\stm32\FullGauge\LabIAP\EWARM\LabIAP
#        Configuration\Obj\stm32f0xx_hal_msp.o" "C:\Users\bruno
#        montanari\Desktop\projetos\stm32\FullGauge\LabIAP\EWARM\LabIAP
#        Configuration\Obj\stm32f0xx_hal_pwr.o" "C:\Users\bruno
#        montanari\Desktop\projetos\stm32\FullGauge\LabIAP\EWARM\LabIAP
#        Configuration\Obj\stm32f0xx_hal_pwr_ex.o" "C:\Users\bruno
#        montanari\Desktop\projetos\stm32\FullGauge\LabIAP\EWARM\LabIAP
#        Configuration\Obj\stm32f0xx_hal_rcc.o" "C:\Users\bruno
#        montanari\Desktop\projetos\stm32\FullGauge\LabIAP\EWARM\LabIAP
#        Configuration\Obj\stm32f0xx_hal_rcc_ex.o" "C:\Users\bruno
#        montanari\Desktop\projetos\stm32\FullGauge\LabIAP\EWARM\LabIAP
#        Configuration\Obj\stm32f0xx_hal_uart.o" "C:\Users\bruno
#        montanari\Desktop\projetos\stm32\FullGauge\LabIAP\EWARM\LabIAP
#        Configuration\Obj\stm32f0xx_hal_uart_ex.o" "C:\Users\bruno
#        montanari\Desktop\projetos\stm32\FullGauge\LabIAP\EWARM\LabIAP
#        Configuration\Obj\stm32f0xx_it.o" "C:\Users\bruno
#        montanari\Desktop\projetos\stm32\FullGauge\LabIAP\EWARM\LabIAP
#        Configuration\Obj\system_stm32f0xx.o" "C:\Users\bruno
#        montanari\Desktop\projetos\stm32\FullGauge\LabIAP\EWARM\LabIAP
#        Configuration\Obj\usart.o" "C:\Users\bruno
#        montanari\Desktop\projetos\stm32\FullGauge\LabIAP\EWARM\LabIAP
#        Configuration\Obj\ymodem.o" --redirect _Printf=_PrintfFull --redirect
#        _Scanf=_ScanfFull -o "C:\Users\bruno
#        montanari\Desktop\projetos\stm32\FullGauge\LabIAP\EWARM\LabIAP
#        Configuration\Exe\LabIAP Configuration.out" --map "C:\Users\bruno
#        montanari\Desktop\projetos\stm32\FullGauge\LabIAP\EWARM\LabIAP
#        Configuration\List\LabIAP Configuration.map" --config "C:\Users\bruno
#        montanari\Desktop\projetos\stm32\FullGauge\LabIAP\EWARM\stm32f030x8_flash.icf"
#        --semihosting --entry __iar_program_start --vfe
#
###############################################################################

*******************************************************************************
*** RUNTIME MODEL ATTRIBUTES
***

CppFlavor       = *
__SystemLibrary = DLib


*******************************************************************************
*** PLACEMENT SUMMARY
***

"A1":  place at 0x08000000 { ro section .intvec };
"P1":  place in [from 0x08000000 to 0x0800ffff] { ro };
"P2":  place in [from 0x20000000 to 0x20001fff] { rw, block CSTACK, block HEAP };

  Section            Kind        Address    Size  Object
  -------            ----        -------    ----  ------
"A1":                                       0xb4
  .intvec            ro code  0x08000000    0xb4  startup_stm32f030x8.o [1]
                            - 0x080000b4    0xb4

"P1":                                     0x285e
  .text              ro code  0x080000b4   0x610  stm32f0xx_hal_rcc.o [1]
  .text              ro code  0x080006c4    0x70  stm32f0xx_hal.o [1]
  .text              ro code  0x08000734    0x34  ABImemcpy.o [4]
  .text              ro code  0x08000768    0xae  I32DivModFast.o [4]
  .text              ro code  0x08000816     0x2  startup_stm32f030x8.o [1]
  .text              ro code  0x08000818    0x28  stm32f0xx_hal_msp.o [1]
  .text              ro code  0x08000840    0x92  stm32f0xx_hal_cortex.o [1]
  .text              ro code  0x080008d2     0x2  startup_stm32f030x8.o [1]
  .text              ro code  0x080008d4     0x2  IntDivZer.o [4]
  .text              ro code  0x080008d6     0x2  startup_stm32f030x8.o [1]
  .text              ro code  0x080008d8   0x530  ymodem.o [1]
  .text              ro code  0x08000e08   0x4d0  stm32f0xx_hal_uart.o [1]
  .text              ro code  0x080012d8   0x14e  stm32f0xx_hal_crc.o [1]
  .text              ro code  0x08001426     0x2  startup_stm32f030x8.o [1]
  .text              ro code  0x08001428   0x13c  common.o [1]
  .text              ro code  0x08001564   0x110  flash_if.o [1]
  .text              ro code  0x08001674    0x58  ABImemset.o [4]
  .text              ro code  0x080016cc    0x78  usart.o [1]
  .text              ro code  0x08001744    0x48  crc.o [1]
  .text              ro code  0x0800178c     0x4  stm32f0xx_hal_crc_ex.o [1]
  .text              ro code  0x08001790   0x164  stm32f0xx_hal_flash.o [1]
  .text              ro code  0x080018f4   0x308  stm32f0xx_hal_flash_ex.o [1]
  .text              ro code  0x08001bfc   0x1b0  stm32f0xx_hal_gpio.o [1]
  .text              ro code  0x08001dac    0x1e  U64Shr.o [4]
  .text              ro code  0x08001dca     0x2  startup_stm32f030x8.o [1]
  .text              ro code  0x08001dcc   0x488  menu.o [1]
  .rodata            const    0x08002254   0x3cc  menu.o [1]
  .text              ro code  0x08002620    0xb6  main.o [1]
  .text              ro code  0x080026d6     0x2  startup_stm32f030x8.o [1]
  .text              ro code  0x080026d8    0x74  gpio.o [1]
  .text              ro code  0x0800274c    0x60  system_stm32f0xx.o [1]
  .text              ro code  0x080027ac    0x3c  zero_init3.o [4]
  .text              ro code  0x080027e8    0x30  copy_init3.o [4]
  .text              ro code  0x08002818    0x28  data_init.o [4]
  .iar.init_table    const    0x08002840    0x24  - Linker created -
  .text              ro code  0x08002864    0x1a  cmain.o [4]
  .text              ro code  0x0800287e     0x4  low_level_init.o [3]
  .text              ro code  0x08002882     0x8  exit.o [3]
  .text              ro code  0x0800288a     0x2  startup_stm32f030x8.o [1]
  .text              ro code  0x0800288c     0xa  cexit.o [4]
  .text              ro code  0x08002896     0x2  startup_stm32f030x8.o [1]
  .text              ro code  0x08002898    0x14  exit.o [5]
  Initializer bytes  const    0x080028ac    0x14  <for P2-1>
  .text              ro code  0x080028c0    0x10  startup_stm32f030x8.o [1]
  .text              ro code  0x080028d0     0xc  stm32f0xx_it.o [1]
  .text              ro code  0x080028dc     0xc  cstartup_M.o [4]
  .text              ro code  0x080028e8     0x2  startup_stm32f030x8.o [1]
  .text              ro code  0x080028ea     0x2  startup_stm32f030x8.o [1]
  .text              ro code  0x080028ec     0x2  startup_stm32f030x8.o [1]
  .text              ro code  0x080028ee     0x2  startup_stm32f030x8.o [1]
  .text              ro code  0x080028f0     0x2  startup_stm32f030x8.o [1]
  .text              ro code  0x080028f2     0x2  startup_stm32f030x8.o [1]
  .text              ro code  0x080028f4     0x2  startup_stm32f030x8.o [1]
  .text              ro code  0x080028f6     0x2  startup_stm32f030x8.o [1]
  .text              ro code  0x080028f8     0x2  startup_stm32f030x8.o [1]
  .text              ro code  0x080028fa     0x2  startup_stm32f030x8.o [1]
  .text              ro code  0x080028fc     0x2  startup_stm32f030x8.o [1]
  .text              ro code  0x080028fe     0x2  startup_stm32f030x8.o [1]
  .text              ro code  0x08002900     0x2  startup_stm32f030x8.o [1]
  .text              ro code  0x08002902     0x2  startup_stm32f030x8.o [1]
  .text              ro code  0x08002904     0x2  startup_stm32f030x8.o [1]
  .text              ro code  0x08002906     0x2  startup_stm32f030x8.o [1]
  .text              ro code  0x08002908     0x2  startup_stm32f030x8.o [1]
  .text              ro code  0x0800290a     0x2  startup_stm32f030x8.o [1]
  .text              ro code  0x0800290c     0x2  startup_stm32f030x8.o [1]
  .text              ro code  0x0800290e     0x2  startup_stm32f030x8.o [1]
  .text              ro code  0x08002910     0x2  startup_stm32f030x8.o [1]
  .rodata            const    0x08002912     0x0  zero_init3.o [4]
  .rodata            const    0x08002912     0x0  copy_init3.o [4]
                            - 0x08002912  0x285e

"P2", part 1 of 3:                          0x14
  P2-1                        0x20000000    0x14  <Init block>
    .data            inited   0x20000000    0x14  system_stm32f0xx.o [1]
                            - 0x20000014    0x14

"P2", part 2 of 3:                         0x400
  CSTACK                      0x20000018   0x400  <Block>
    CSTACK           uninit   0x20000018   0x400  <Block tail>
                            - 0x20000418   0x400

"P2", part 3 of 3:                         0x50c
  .bss               zero     0x20000418   0x408  ymodem.o [1]
  .bss               zero     0x20000820    0x70  usart.o [1]
  .bss               zero     0x20000890    0x40  menu.o [1]
  .bss               zero     0x200008d0    0x24  crc.o [1]
  .bss               zero     0x200008f4     0xc  menu.o [1]
  .bss               zero     0x20000900    0x20  stm32f0xx_hal_flash.o [1]
  .bss               zero     0x20000920     0x4  stm32f0xx_hal.o [1]
                            - 0x20000924   0x50c


*******************************************************************************
*** INIT TABLE
***

          Address     Size
          -------     ----
Zero (__iar_zero_init3)
    1 destination range, total size 0x50c:
          0x20000418  0x50c

Copy (__iar_copy_init3)
    1 source range, total size 0x14:
          0x080028ac   0x14
    1 destination range, total size 0x14:
          0x20000000   0x14



*******************************************************************************
*** MODULE SUMMARY
***

    Module                    ro code  ro data  rw data
    ------                    -------  -------  -------
C:\Users\bruno montanari\Desktop\projetos\stm32\FullGauge\LabIAP\EWARM\LabIAP Configuration\Obj: [1]
    common.o                      316
    crc.o                          72                36
    flash_if.o                    272
    gpio.o                        116
    main.o                        182
    menu.o                      1 160      972       76
    startup_stm32f030x8.o         254
    stm32f0xx_hal.o               112                 4
    stm32f0xx_hal_cortex.o        146
    stm32f0xx_hal_crc.o           334
    stm32f0xx_hal_crc_ex.o          4
    stm32f0xx_hal_flash.o         356                32
    stm32f0xx_hal_flash_ex.o      776
    stm32f0xx_hal_gpio.o          432
    stm32f0xx_hal_msp.o            40
    stm32f0xx_hal_rcc.o         1 552
    stm32f0xx_hal_uart.o        1 232
    stm32f0xx_it.o                 12
    system_stm32f0xx.o             96       20       20
    usart.o                       120               112
    ymodem.o                    1 328             1 032
    ---------------------------------------------------
    Total:                      8 912      992    1 312

command line: [2]
    ---------------------------------------------------
    Total:

dl6M_tlf.a: [3]
    exit.o                          8
    low_level_init.o                4
    ---------------------------------------------------
    Total:                         12

rt6M_tl.a: [4]
    ABImemcpy.o                    52
    ABImemset.o                    88
    I32DivModFast.o               174
    IntDivZer.o                     2
    U64Shr.o                       30
    cexit.o                        10
    cmain.o                        26
    copy_init3.o                   48
    cstartup_M.o                   12
    data_init.o                    40
    zero_init3.o                   60
    ---------------------------------------------------
    Total:                        542

shb_l.a: [5]
    exit.o                         20
    ---------------------------------------------------
    Total:                         20

    Linker created                          36    1 024
-------------------------------------------------------
    Grand Total:                9 486    1 028    2 336


*******************************************************************************
*** ENTRY LIST
***

Entry                      Address   Size  Type      Object
-----                      -------   ----  ----      ------
.iar.init_table$$Base   0x08002840          --   Gb  - Linker created -
.iar.init_table$$Limit  0x08002864          --   Gb  - Linker created -
?main                   0x08002865         Code  Gb  cmain.o [4]
AHBPrescTable           0x20000000   0x10  Data  Gb  system_stm32f0xx.o [1]
CRC_Handle_16           0x080013fd   0x2a  Code  Lc  stm32f0xx_hal_crc.o [1]
CRC_Handle_8            0x08001395   0x68  Code  Lc  stm32f0xx_hal_crc.o [1]
CSTACK$$Base            0x20000018          --   Gb  - Linker created -
CSTACK$$Limit           0x20000418          --   Gb  - Linker created -
FLASH_If_Erase          0x08001577   0x32  Code  Gb  flash_if.o [1]
FLASH_If_GetWriteProtectionStatus
                        0x080015f3   0x24  Code  Gb  flash_if.o [1]
FLASH_If_Init           0x08001565   0x12  Code  Gb  flash_if.o [1]
FLASH_If_Write          0x080015a9   0x4a  Code  Gb  flash_if.o [1]
FLASH_If_WriteProtectionConfig
                        0x08001617   0x4c  Code  Gb  flash_if.o [1]
FLASH_MassErase         0x08001b3f   0x1a  Code  Lc  stm32f0xx_hal_flash_ex.o [1]
FLASH_OB_GetRDP         0x08001bb1   0x18  Code  Lc  stm32f0xx_hal_flash_ex.o [1]
FLASH_OB_RDP_LevelConfig
                        0x08001b5d   0x54  Code  Lc  stm32f0xx_hal_flash_ex.o [1]
FLASH_PageErase         0x08001bc9   0x1c  Code  Gb  stm32f0xx_hal_flash_ex.o [1]
FLASH_Program_HalfWord  0x08001849   0x16  Code  Lc  stm32f0xx_hal_flash.o [1]
FLASH_SetErrorCode      0x080018ad   0x26  Code  Lc  stm32f0xx_hal_flash.o [1]
FLASH_WaitForLastOperation
                        0x0800185f   0x4e  Code  Gb  stm32f0xx_hal_flash.o [1]
FlashProtection         0x200008fc    0x4  Data  Gb  menu.o [1]
HAL_CRCEx_Init          0x0800178d    0x4  Code  Gb  stm32f0xx_hal_crc_ex.o [1]
HAL_CRC_Calculate       0x08001335   0x60  Code  Gb  stm32f0xx_hal_crc.o [1]
HAL_CRC_Init            0x080012d9   0x5c  Code  Gb  stm32f0xx_hal_crc.o [1]
HAL_CRC_MspInit         0x0800175f   0x20  Code  Gb  crc.o [1]
HAL_Delay               0x08000713   0x18  Code  Wk  stm32f0xx_hal.o [1]
HAL_FLASHEx_Erase       0x080018f5   0x92  Code  Gb  stm32f0xx_hal_flash_ex.o [1]
HAL_FLASHEx_OBErase     0x08001987   0x44  Code  Gb  stm32f0xx_hal_flash_ex.o [1]
HAL_FLASHEx_OBGetConfig
                        0x08001b1f   0x20  Code  Gb  stm32f0xx_hal_flash_ex.o [1]
HAL_FLASHEx_OBProgram   0x080019cb  0x154  Code  Gb  stm32f0xx_hal_flash_ex.o [1]
HAL_FLASH_Lock          0x0800180b    0xe  Code  Gb  stm32f0xx_hal_flash.o [1]
HAL_FLASH_OB_Launch     0x08001833   0x16  Code  Gb  stm32f0xx_hal_flash.o [1]
HAL_FLASH_OB_Unlock     0x08001819    0xe  Code  Gb  stm32f0xx_hal_flash.o [1]
HAL_FLASH_Program       0x08001791   0x6c  Code  Gb  stm32f0xx_hal_flash.o [1]
HAL_FLASH_Unlock        0x080017fd    0xe  Code  Gb  stm32f0xx_hal_flash.o [1]
HAL_GPIO_Init           0x08001bfd  0x18a  Code  Gb  stm32f0xx_hal_gpio.o [1]
HAL_GPIO_ReadPin        0x08001d87    0xc  Code  Gb  stm32f0xx_hal_gpio.o [1]
HAL_GetTick             0x0800070d    0x6  Code  Wk  stm32f0xx_hal.o [1]
HAL_IncTick             0x08000703    0xa  Code  Wk  stm32f0xx_hal.o [1]
HAL_Init                0x080006c5   0x1a  Code  Gb  stm32f0xx_hal.o [1]
HAL_InitTick            0x080006df   0x24  Code  Wk  stm32f0xx_hal.o [1]
HAL_MspInit             0x08000819   0x28  Code  Gb  stm32f0xx_hal_msp.o [1]
HAL_NVIC_SetPriority    0x08000873    0x8  Code  Gb  stm32f0xx_hal_cortex.o [1]
HAL_RCC_ClockConfig     0x08000441  0x1a4  Code  Gb  stm32f0xx_hal_rcc.o [1]
HAL_RCC_GetHCLKFreq     0x0800063d   0x1c  Code  Gb  stm32f0xx_hal_rcc.o [1]
HAL_RCC_GetPCLK1Freq    0x08000659   0x18  Code  Gb  stm32f0xx_hal_rcc.o [1]
HAL_RCC_GetSysClockFreq
                        0x080005e9   0x52  Code  Gb  stm32f0xx_hal_rcc.o [1]
HAL_RCC_OscConfig       0x080000b5  0x388  Code  Gb  stm32f0xx_hal_rcc.o [1]
HAL_SYSTICK_CLKSourceConfig
                        0x080008a3   0x18  Code  Gb  stm32f0xx_hal_cortex.o [1]
HAL_SYSTICK_Callback    0x080008d1    0x2  Code  Wk  stm32f0xx_hal_cortex.o [1]
HAL_SYSTICK_Config      0x0800087b   0x28  Code  Gb  stm32f0xx_hal_cortex.o [1]
HAL_SYSTICK_IRQHandler  0x080008c9    0x8  Code  Gb  stm32f0xx_hal_cortex.o [1]
HAL_UART_Init           0x08000e09   0x56  Code  Gb  stm32f0xx_hal_uart.o [1]
HAL_UART_MspInit        0x080016f5   0x44  Code  Gb  usart.o [1]
HAL_UART_Receive        0x08000f21   0xd4  Code  Gb  stm32f0xx_hal_uart.o [1]
HAL_UART_Transmit       0x08000e71   0xb0  Code  Gb  stm32f0xx_hal_uart.o [1]
Int2Str                 0x08001429   0x4a  Code  Gb  common.o [1]
JumpAddress             0x200008f8    0x4  Data  Gb  menu.o [1]
JumpToApplication       0x200008f4    0x4  Data  Gb  menu.o [1]
MX_CRC_Init             0x08001745   0x1a  Code  Gb  crc.o [1]
MX_GPIO_Init            0x080026d9   0x74  Code  Gb  gpio.o [1]
MX_USART2_UART_Init     0x080016cd   0x28  Code  Gb  usart.o [1]
Main_Menu               0x08001e85  0x10a  Code  Gb  menu.o [1]
NVIC_SetPriority        0x08000841   0x32  Code  Lc  stm32f0xx_hal_cortex.o [1]
ReceivePacket           0x080008d9   0xbc  Code  Lc  ymodem.o [1]
Region$$Table$$Base     0x08002840          --   Gb  - Linker created -
Region$$Table$$Limit    0x08002864          --   Gb  - Linker created -
SerialDownload          0x08001dcd   0x6e  Code  Gb  menu.o [1]
SerialUpload            0x08001e3d   0x48  Code  Gb  menu.o [1]
Serial_PutByte          0x0800153d   0x1e  Code  Gb  common.o [1]
Serial_PutString        0x08001521   0x1c  Code  Gb  common.o [1]
Str2Int                 0x08001473   0xae  Code  Gb  common.o [1]
SysTick_Handler         0x080028d1    0xc  Code  Gb  stm32f0xx_it.o [1]
SystemClock_Config      0x08002689   0x4e  Code  Gb  main.o [1]
SystemCoreClock         0x20000010    0x4  Data  Gb  system_stm32f0xx.o [1]
SystemInit              0x0800274d   0x48  Code  Gb  system_stm32f0xx.o [1]
UART_AdvFeatureConfig   0x080010f7   0xc8  Code  Gb  stm32f0xx_hal_uart.o [1]
UART_CheckIdleState     0x080011c5   0x10  Code  Gb  stm32f0xx_hal_uart.o [1]
UART_SetConfig          0x08000ffd   0xfa  Code  Gb  stm32f0xx_hal_uart.o [1]
UART_WaitOnFlagUntilTimeout
                        0x080011d5   0xba  Code  Gb  stm32f0xx_hal_uart.o [1]
Ymodem_Receive          0x08000995  0x158  Code  Gb  ymodem.o [1]
Ymodem_Transmit         0x08000b09  0x2f2  Code  Gb  ymodem.o [1]
__ICFEDIT_region_RAM_end__ {Abs}
                        0x20001fff          --   Gb  command line/config [2]
__ICFEDIT_region_RAM_start__ {Abs}
                        0x20000000          --   Gb  command line/config [2]
__aeabi_idiv0           0x080008d5         Code  Gb  IntDivZer.o [4]
__aeabi_llsr            0x08001dad         Code  Gb  U64Shr.o [4]
__aeabi_memclr          0x080016c5         Code  Gb  ABImemset.o [4]
__aeabi_memclr4         0x080016c9         Code  Gb  ABImemset.o [4]
__aeabi_memclr8         0x080016c9         Code  Gb  ABImemset.o [4]
__aeabi_memcpy4         0x08000735         Code  Wk  ABImemcpy.o [4]
__aeabi_memset          0x08001675         Code  Gb  ABImemset.o [4]
__aeabi_uidiv           0x08000769         Code  Gb  I32DivModFast.o [4]
__aeabi_uidivmod        0x08000769         Code  Gb  I32DivModFast.o [4]
__cmain                 0x08002865         Code  Gb  cmain.o [4]
__exit                  0x08002899   0x14  Code  Gb  exit.o [5]
__iar_Memset4_word      0x08001695         Code  Gb  ABImemset.o [4]
__iar_Memset_word       0x08001681         Code  Gb  ABImemset.o [4]
__iar_copy_init3        0x080027e9   0x30  Code  Gb  copy_init3.o [4]
__iar_data_init3        0x08002819   0x28  Code  Gb  data_init.o [4]
__iar_program_start     0x080028dd         Code  Gb  cstartup_M.o [4]
__iar_zero_init3        0x080027ad   0x3c  Code  Gb  zero_init3.o [4]
__low_level_init        0x0800287f    0x4  Code  Gb  low_level_init.o [3]
__vector_table          0x08000000         Data  Gb  startup_stm32f030x8.o [1]
_call_main              0x08002871         Code  Gb  cmain.o [4]
_exit                   0x0800288d         Code  Gb  cexit.o [4]
_main                   0x0800287b         Code  Gb  cmain.o [4]
aAPBAHBPrescTable       0x080006b4   0x10  Data  Gb  stm32f0xx_hal_rcc.o [1]
aFileName               0x20000890   0x40  Data  Gb  menu.o [1]
aPacketData             0x20000418  0x408  Data  Gb  ymodem.o [1]
exit                    0x08002883    0x8  Code  Gb  exit.o [3]
hcrc                    0x200008d0   0x24  Data  Gb  crc.o [1]
huart2                  0x20000820   0x70  Data  Gb  usart.o [1]
main                    0x08002621   0x54  Code  Gb  main.o [1]
pFlash                  0x20000900   0x20  Data  Gb  stm32f0xx_hal_flash.o [1]
uwTick                  0x20000920    0x4  Data  Lc  stm32f0xx_hal.o [1]


[1] = C:\Users\bruno montanari\Desktop\projetos\stm32\FullGauge\LabIAP\EWARM\LabIAP Configuration\Obj
[2] = command line
[3] = dl6M_tlf.a
[4] = rt6M_tl.a
[5] = shb_l.a

  9 486 bytes of readonly  code memory
  1 028 bytes of readonly  data memory
  2 336 bytes of readwrite data memory

Errors: none
Warnings: none
